// Jest Snapshot v1, https://goo.gl/fbAQLP

exports[`Card should render correctly 1`] = `
<View
  style={
    {
      "alignItems": "center",
      "backgroundColor": "#334FFA",
      "borderRadius": 42.857142857142854,
      "elevation": 5,
      "height": 235.41176470588235,
      "justifyContent": "center",
      "paddingHorizontal": 40.714285714285715,
      "paddingTop": 15.694117647058823,
      "shadowColor": "black",
      "shadowOffset": {
        "height": 4,
        "width": 0,
      },
      "shadowOpacity": 0.5,
      "shadowRadius": 4,
      "width": "80%",
    }
  }
>
  <Text
    style={
      {
        "color": "white",
        "fontFamily": "AvenirBold",
        "fontSize": 16,
        "fontWeight": "800",
        "left": 40.714285714285715,
        "position": "absolute",
        "textTransform": "capitalize",
        "top": 41.19705882352941,
      }
    }
  >
    Diciembre
  </Text>
  <Text
    style={
      {
        "color": "white",
        "fontFamily": "AvenirBold",
        "fontSize": 68.57142857142857,
        "fontWeight": "bold",
      }
    }
  >
    42416
     pts
  </Text>
</View>
`;
